// Jest Snapshot v1, https://goo.gl/fbAQLP

exports[`TextInput renders correctly 1`] = `
<div
  className="field"
>
  
  <div
    className="control"
  >
    <input
      className="input"
      id="name"
      name="name"
      onChange={[Function]}
      placeholder="placehodler"
      type="text"
    />
  </div>
</div>
`;
